listening for CHANNEL_HANGUP_COMPLETE …
======================================================================
21:24:59 sofia/external/95001
  Unique-ID = 01a03918-2a86-72a1-bc03-745f83ce5bc3
  Channel-Name = sofia/external/95001
  Call-Direction = outbound
  Hangup-Cause = NORMAL_CLEARING
  Caller-ANI = 18688886669
  Caller-Destination-Number = 95001
  Other-Leg-Unique-ID = 01a03918-2a63-73a1-970a-eff596a43351
  variable_sip_hangup_disposition = send_bye
  variable_hangup_cause = NORMAL_CLEARING
  variable_last_bridge_to = 01a03918-2a63-73a1-970a-eff596a43351
  variable_aicc_call_id = 01a03918-2a74-7052-9fcf-ac9ae7a1f985
  variable_endpoint_disposition = ANSWER
  * Caller-Channel-Transfer-Time = 0
  * Other-Leg-Channel-Transfer-Time = 0
======================================================================
21:25:02 sofia/internal/6p2g7hjk@a938adlah5pl.invalid
  Unique-ID = 01a03918-746c-7775-acdd-8624b09dc54e
  Channel-Name = sofia/internal/6p2g7hjk@a938adlah5pl.invalid
  Call-Direction = outbound
  Hangup-Cause = ORIGINATOR_CANCEL
  Caller-ANI = 18688886669
  Caller-Destination-Number = 6p2g7hjk
  variable_sip_hangup_disposition = send_cancel
  variable_hangup_cause = ORIGINATOR_CANCEL
  variable_sip_invite_failure_status = 487
  variable_cc_queue = support-en
  * Caller-Channel-Transfer-Time = 0
======================================================================
21:25:02 sofia/external/18688886669@192.168.31.5
  Unique-ID = 01a03918-2a63-73a1-970a-eff596a43351
  Channel-Name = sofia/external/18688886669@192.168.31.5
  Call-Direction = inbound
  Hangup-Cause = NORMAL_CLEARING
  Caller-ANI = 18688886669
  Caller-Destination-Number = 7001
  variable_sip_hangup_disposition = recv_bye
  variable_transfer_history = 1787664299:01a03918-743e-7cc0-aa7f-c221067a589d:bl_xfer:7001/aicc/XML
  variable_transfer_source = 1787664299:01a03918-743e-7cc0-aa7f-c221067a589d:bl_xfer:7001/aicc/XML
  variable_hangup_cause = NORMAL_CLEARING
  variable_bridge_hangup_cause = NORMAL_CLEARING
  variable_last_bridge_to = 01a03918-2a86-72a1-bc03-745f83ce5bc3
  variable_aicc_call_id = 01a03918-2a74-7052-9fcf-ac9ae7a1f985
  variable_endpoint_disposition = ANSWER
  variable_originate_disposition = SUCCESS
  variable_current_application = callcenter
  variable_cc_queue = support-en
  variable_proto_specific_hangup_cause = sip:200
  variable_hangup_after_bridge = true
  * Caller-Channel-Transfer-Time = 0
  * Caller-Transfer-Source = 1787664299:01a03918-743e-7cc0-aa7f-c221067a589d:bl_xfer:7001/aicc/XML
  * variable_recording_follow_transfer = true
  * variable_sip_allow = INVITE, ACK, BYE, CANCEL, OPTIONS, MESSAGE, INFO, UPDATE, REGISTER, REFER, NOTIFY
======================================================================
21:26:10 sofia/external/95001
  Unique-ID = 01a03918-87bf-71fd-8d97-7d6d73b1f351
  Channel-Name = sofia/external/95001
  Call-Direction = outbound
  Hangup-Cause = NORMAL_CLEARING
  Caller-ANI = 18688886669
  Caller-Destination-Number = 95001
  Other-Leg-Unique-ID = 01a03918-87aa-758d-b557-609ffc63addf
  variable_sip_hangup_disposition = send_bye
  variable_hangup_cause = NORMAL_CLEARING
  variable_last_bridge_to = 01a03918-87aa-758d-b557-609ffc63addf
  variable_aicc_call_id = 01a03918-87ae-78da-a2a9-cb4c8921138b
  variable_endpoint_disposition = ANSWER
  * Caller-Channel-Transfer-Time = 0
  * Other-Leg-Channel-Transfer-Time = 0
======================================================================
21:26:35 sofia/external/18688886669@192.168.31.5
  Unique-ID = 01a03918-87aa-758d-b557-609ffc63addf
  Channel-Name = sofia/external/18688886669@192.168.31.5
  Call-Direction = inbound
  Hangup-Cause = NORMAL_CLEARING
  Caller-ANI = 18688886669
  Caller-Destination-Number = 7001
  Other-Leg-Unique-ID = 01a03919-8c75-71a6-8f64-e9bbb18ac0ab
  variable_sip_hangup_disposition = recv_bye
  variable_transfer_history = ARRAY::1787664370:01a03919-8c20-7e79-8190-9362da4a97b0:bl_xfer:7001/aicc/XML|:1787664379:01a03919-ad2e-7177-99bc-8160f3d4d339:uuid_br:01a03919-8c75-71a6-8f64-e9bbb18ac0ab
  variable_transfer_source = 1787664379:01a03919-ad2e-7177-99bc-8160f3d4d339:uuid_br:01a03919-8c75-71a6-8f64-e9bbb18ac0ab
  variable_hangup_cause = NORMAL_CLEARING
  variable_bridge_hangup_cause = NORMAL_CLEARING
  variable_last_bridge_to = 01a03919-8c75-71a6-8f64-e9bbb18ac0ab
  variable_aicc_call_id = 01a03918-87ae-78da-a2a9-cb4c8921138b
  variable_endpoint_disposition = ANSWER
  variable_originate_disposition = SUCCESS
  variable_current_application = callcenter
  variable_cc_queue = support-en
  variable_proto_specific_hangup_cause = sip:200
  variable_hangup_after_bridge = true
  * Caller-Channel-Transfer-Time = 0
  * Caller-Transfer-Source = 1787664379:01a03919-ad2e-7177-99bc-8160f3d4d339:uuid_br:01a03919-8c75-71a6-8f64-e9bbb18ac0ab
  * Other-Leg-Channel-Transfer-Time = 0
  * variable_recording_follow_transfer = true
  * variable_sip_allow = INVITE, ACK, BYE, CANCEL, OPTIONS, MESSAGE, INFO, UPDATE, REGISTER, REFER, NOTIFY
======================================================================
21:26:35 sofia/internal/6p2g7hjk@a938adlah5pl.invalid
  Unique-ID = 01a03919-8c75-71a6-8f64-e9bbb18ac0ab
  Channel-Name = sofia/internal/6p2g7hjk@a938adlah5pl.invalid
  Call-Direction = outbound
  Hangup-Cause = NORMAL_CLEARING
  Caller-ANI = 18688886669
  Caller-Destination-Number = 6p2g7hjk
  Other-Leg-Unique-ID = 01a03918-87aa-758d-b557-609ffc63addf
  variable_sip_hangup_disposition = send_bye
  variable_transfer_history = 1787664379:01a03919-ad2e-7177-99bc-815f1034b76d:uuid_br:01a03918-87aa-758d-b557-609ffc63addf
  variable_transfer_source = 1787664379:01a03919-ad2e-7177-99bc-815f1034b76d:uuid_br:01a03918-87aa-758d-b557-609ffc63addf
  variable_hangup_cause = NORMAL_CLEARING
  variable_bridge_hangup_cause = NORMAL_CLEARING
  variable_last_bridge_to = 01a03918-87aa-758d-b557-609ffc63addf
  variable_aicc_extension = 1008
  variable_endpoint_disposition = ANSWER
  variable_cc_queue = support-en
  * Caller-Channel-Transfer-Time = 0
  * Caller-Transfer-Source = 1787664379:01a03919-ad2e-7177-99bc-815f1034b76d:uuid_br:01a03918-87aa-758d-b557-609ffc63addf
  * Other-Leg-Channel-Transfer-Time = 0
  * variable_sip_allow = ACK, BYE, CANCEL, INFO, INVITE, MESSAGE, NOTIFY, OPTIONS, PRACK, REFER, REGISTER, SUBSCRIBE
