: hb

: hb

: hb

: hb

id: 11300013
event: QUEUE_JOINED
data: {"version":1,"seq":11300013,"type":"QUEUE_JOINED","occurredAt":"2026-08-23T04:12:55.935067Z","callId":"01a02cd1-ed18-7a23-9625-dcb2de1a1869","callType":"INBOUND","queueId":"b098f1bf-91c4-441b-a903-59ab8f85f6be","payload":{"fromNumber":"18688886669","joinedAt":"2026-08-23T04:12:55.905178Z","queueName":"support-en"}}

id: 11300014
event: QUEUE_COUNT
data: {"version":1,"seq":11300014,"type":"QUEUE_COUNT","occurredAt":"2026-08-23T04:12:55.935071Z","queueId":"b098f1bf-91c4-441b-a903-59ab8f85f6be","payload":{"longestWaitAt":"2026-08-23T04:12:55.905178Z","queueName":"support-en","waiting":1}}

id: 11300015
event: QUEUE_AGENT_OFFERED
data: {"version":1,"seq":11300015,"type":"QUEUE_AGENT_OFFERED","occurredAt":"2026-08-23T04:12:55.944112Z","callId":"01a02cd1-ed18-7a23-9625-dcb2de1a1869","callType":"INBOUND","agentId":"807b2164-bd6b-47e9-9286-39a1ca831cea","payload":{"fromNumber":"18688886669","queue":"support-en"}}

id: 11300016
event: PARTY_RINGING
data: {"version":1,"seq":11300016,"type":"PARTY_RINGING","occurredAt":"2026-08-23T04:12:55.954927Z","callId":"01a02cd1-ed18-7a23-9625-dcb2de1a1869","callType":"INBOUND","partyId":"01a02cd2-5112-7e01-8ced-85d24434ea6a","agentId":"807b2164-bd6b-47e9-9286-39a1ca831cea","payload":{"extensionNumber":"1008","fromNumber":"18688886669","toNumber":"1008"}}

id: 11300017
event: AGENT_AVAILABILITY
data: {"version":1,"seq":11300017,"type":"AGENT_AVAILABILITY","occurredAt":"2026-08-23T04:12:55.957114Z","agentId":"807b2164-bd6b-47e9-9286-39a1ca831cea","payload":{"availability":"ON_CALL","displayName":"Wei","extensionNumber":"1008","state":"READY"}}

: hb

id: 11300018
event: PARTY_ESTABLISHED
data: {"version":1,"seq":11300018,"type":"PARTY_ESTABLISHED","occurredAt":"2026-08-23T04:13:11.33798Z","callId":"01a02cd1-ed18-7a23-9625-dcb2de1a1869","callType":"INBOUND","partyId":"01a02cd2-5112-7e01-8ced-85d24434ea6a","agentId":"807b2164-bd6b-47e9-9286-39a1ca831cea","payload":{"role":"TARGET","state":"TALKING"}}

id: 11300019
event: QUEUE_LEFT
data: {"version":1,"seq":11300019,"type":"QUEUE_LEFT","occurredAt":"2026-08-23T04:13:11.359787Z","callId":"01a02cd1-ed18-7a23-9625-dcb2de1a1869","callType":"INBOUND","queueId":"b098f1bf-91c4-441b-a903-59ab8f85f6be","payload":{"fromNumber":"18688886669","queueName":"support-en","waitSec":15}}

id: 11300020
event: QUEUE_COUNT
data: {"version":1,"seq":11300020,"type":"QUEUE_COUNT","occurredAt":"2026-08-23T04:13:11.359791Z","queueId":"b098f1bf-91c4-441b-a903-59ab8f85f6be","payload":{"queueName":"support-en","waiting":0}}

id: 11300022
event: CALL_TRANSCRIPTION_STATE
data: {"version":1,"seq":11300022,"type":"CALL_TRANSCRIPTION_STATE","occurredAt":"2026-08-23T04:13:11.480851Z","callId":"01a02cd1-ed18-7a23-9625-dcb2de1a1869","callType":"INBOUND","payload":{"state":"LIVE"}}

: hb

id: 11300023
event: CALL_TRANSCRIPT
data: {"version":1,"seq":11300023,"type":"CALL_TRANSCRIPT","occurredAt":"2026-08-23T04:13:21.223536Z","callId":"01a02cd1-ed18-7a23-9625-dcb2de1a1869","callType":"INBOUND","payload":{"isFinal":false,"kind":"TEXT","partyId":"01a02cd2-5112-7e01-8ced-85d24434ea6a","source":"ASR","speaker":"CUSTOMER","text":"对","utteranceId":"CUSTOMER:b6dba894-3"}}

id: 11300024
event: CALL_TRANSCRIPT
data: {"version":1,"seq":11300024,"type":"CALL_TRANSCRIPT","occurredAt":"2026-08-23T04:13:21.356764Z","callId":"01a02cd1-ed18-7a23-9625-dcb2de1a1869","callType":"INBOUND","payload":{"agentId":"807b2164-bd6b-47e9-9286-39a1ca831cea","isFinal":false,"kind":"TEXT","partyId":"01a02cd2-5112-7e01-8ced-85d24434ea6a","source":"ASR","speaker":"HUMAN_AGENT","text":"这","utteranceId":"HUMAN_AGENT:07fb154f-6"}}

id: 11300025
event: CALL_TRANSCRIPT
data: {"version":1,"seq":11300025,"type":"CALL_TRANSCRIPT","occurredAt":"2026-08-23T04:13:22.281634Z","callId":"01a02cd1-ed18-7a23-9625-dcb2de1a1869","callType":"INBOUND","payload":{"agentId":"807b2164-bd6b-47e9-9286-39a1ca831cea","isFinal":false,"kind":"TEXT","partyId":"01a02cd2-5112-7e01-8ced-85d24434ea6a","source":"ASR","speaker":"HUMAN_AGENT","text":"这hey quick","utteranceId":"HUMAN_AGENT:07fb154f-6"}}

id: 11300026
event: CALL_TRANSCRIPT
data: {"version":1,"seq":11300026,"type":"CALL_TRANSCRIPT","occurredAt":"2026-08-23T04:13:23.360447Z","callId":"01a02cd1-ed18-7a23-9625-dcb2de1a1869","callType":"INBOUND","payload":{"agentId":"807b2164-bd6b-47e9-9286-39a1ca831cea","isFinal":false,"kind":"TEXT","partyId":"01a02cd2-5112-7e01-8ced-85d24434ea6a","source":"ASR","speaker":"HUMAN_AGENT","text":"The quick","utteranceId":"HUMAN_AGENT:07fb154f-6"}}

id: 11300027
event: CALL_TRANSCRIPT
data: {"version":1,"seq":11300027,"type":"CALL_TRANSCRIPT","occurredAt":"2026-08-23T04:13:23.592988Z","callId":"01a02cd1-ed18-7a23-9625-dcb2de1a1869","callType":"INBOUND","payload":{"isFinal":false,"kind":"TEXT","partyId":"01a02cd2-5112-7e01-8ced-85d24434ea6a","source":"ASR","speaker":"CUSTOMER","text":"对水主","utteranceId":"CUSTOMER:b6dba894-3"}}

id: 11300028
event: CALL_TRANSCRIPT
data: {"version":1,"seq":11300028,"type":"CALL_TRANSCRIPT","occurredAt":"2026-08-23T04:13:24.602836Z","callId":"01a02cd1-ed18-7a23-9625-dcb2de1a1869","callType":"INBOUND","payload":{"agentId":"807b2164-bd6b-47e9-9286-39a1ca831cea","isFinal":false,"kind":"TEXT","partyId":"01a02cd2-5112-7e01-8ced-85d24434ea6a","source":"ASR","speaker":"HUMAN_AGENT","text":"The quickond fox job","utteranceId":"HUMAN_AGENT:07fb154f-6"}}

id: 11300029
event: CALL_TRANSCRIPT
data: {"version":1,"seq":11300029,"type":"CALL_TRANSCRIPT","occurredAt":"2026-08-23T04:13:25.071912Z","callId":"01a02cd1-ed18-7a23-9625-dcb2de1a1869","callType":"INBOUND","payload":{"isFinal":false,"kind":"TEXT","partyId":"01a02cd2-5112-7e01-8ced-85d24434ea6a","source":"ASR","speaker":"CUSTOMER","text":"对好个","utteranceId":"CUSTOMER:b6dba894-3"}}

id: 11300030
event: CALL_TRANSCRIPT
data: {"version":1,"seq":11300030,"type":"CALL_TRANSCRIPT","occurredAt":"2026-08-23T04:13:25.452662Z","callId":"01a02cd1-ed18-7a23-9625-dcb2de1a1869","callType":"INBOUND","payload":{"agentId":"807b2164-bd6b-47e9-9286-39a1ca831cea","isFinal":false,"kind":"TEXT","partyId":"01a02cd2-5112-7e01-8ced-85d24434ea6a","source":"ASR","speaker":"HUMAN_AGENT","text":"The quick brown fox jumps over","utteranceId":"HUMAN_AGENT:07fb154f-6"}}

id: 11300031
event: CALL_TRANSCRIPT
data: {"version":1,"seq":11300031,"type":"CALL_TRANSCRIPT","occurredAt":"2026-08-23T04:13:25.814209Z","callId":"01a02cd1-ed18-7a23-9625-dcb2de1a1869","callType":"INBOUND","payload":{"isFinal":false,"kind":"TEXT","partyId":"01a02cd2-5112-7e01-8ced-85d24434ea6a","source":"ASR","speaker":"CUSTOMER","text":"对好个好为这个","utteranceId":"CUSTOMER:b6dba894-3"}}

id: 11300032
event: CALL_TRANSCRIPT
data: {"version":1,"seq":11300032,"type":"CALL_TRANSCRIPT","occurredAt":"2026-08-23T04:13:26.094513Z","callId":"01a02cd1-ed18-7a23-9625-dcb2de1a1869","callType":"INBOUND","payload":{"agentId":"807b2164-bd6b-47e9-9286-39a1ca831cea","isFinal":false,"kind":"TEXT","partyId":"01a02cd2-5112-7e01-8ced-85d24434ea6a","source":"ASR","speaker":"HUMAN_AGENT","text":"The quick brown fox jumps over the leading","utteranceId":"HUMAN_AGENT:07fb154f-6"}}

id: 11300033
event: CALL_TRANSCRIPT
data: {"version":1,"seq":11300033,"type":"CALL_TRANSCRIPT","occurredAt":"2026-08-23T04:13:26.548786Z","callId":"01a02cd1-ed18-7a23-9625-dcb2de1a1869","callType":"INBOUND","payload":{"isFinal":true,"kind":"TEXT","offsetMs":56140,"partyId":"01a02cd2-5112-7e01-8ced-85d24434ea6a","seq":8,"source":"ASR","speaker":"CUSTOMER","text":"对好个好为这个。","utteranceId":"CUSTOMER:b6dba894-3"}}

id: 11300034
event: CALL_TRANSCRIPT
data: {"version":1,"seq":11300034,"type":"CALL_TRANSCRIPT","occurredAt":"2026-08-23T04:13:27.064762Z","callId":"01a02cd1-ed18-7a23-9625-dcb2de1a1869","callType":"INBOUND","payload":{"isFinal":false,"kind":"TEXT","partyId":"01a02cd2-5112-7e01-8ced-85d24434ea6a","source":"ASR","speaker":"CUSTOMER","text":"对","utteranceId":"CUSTOMER:b6dba894-4"}}

id: 11300035
event: CALL_TRANSCRIPT
data: {"version":1,"seq":11300035,"type":"CALL_TRANSCRIPT","occurredAt":"2026-08-23T04:13:27.784339Z","callId":"01a02cd1-ed18-7a23-9625-dcb2de1a1869","callType":"INBOUND","payload":{"isFinal":false,"kind":"TEXT","partyId":"01a02cd2-5112-7e01-8ced-85d24434ea6a","source":"ASR","speaker":"CUSTOMER","text":"对对","utteranceId":"CUSTOMER:b6dba894-4"}}

id: 11300036
event: CALL_TRANSCRIPT
data: {"version":1,"seq":11300036,"type":"CALL_TRANSCRIPT","occurredAt":"2026-08-23T04:13:27.84499Z","callId":"01a02cd1-ed18-7a23-9625-dcb2de1a1869","callType":"INBOUND","payload":{"agentId":"807b2164-bd6b-47e9-9286-39a1ca831cea","isFinal":false,"kind":"TEXT","partyId":"01a02cd2-5112-7e01-8ced-85d24434ea6a","source":"ASR","speaker":"HUMAN_AGENT","text":"The quick brown fox jumps over the lazy dog","utteranceId":"HUMAN_AGENT:07fb154f-6"}}

id: 11300037
event: CALL_TRANSCRIPT
data: {"version":1,"seq":11300037,"type":"CALL_TRANSCRIPT","occurredAt":"2026-08-23T04:13:28.421902Z","callId":"01a02cd1-ed18-7a23-9625-dcb2de1a1869","callType":"INBOUND","payload":{"agentId":"807b2164-bd6b-47e9-9286-39a1ca831cea","isFinal":false,"kind":"TEXT","partyId":"01a02cd2-5112-7e01-8ced-85d24434ea6a","source":"ASR","speaker":"HUMAN_AGENT","text":"The quick brown fox jumps over the lazy dog. the qu","utteranceId":"HUMAN_AGENT:07fb154f-6"}}

id: 11300038
event: CALL_TRANSCRIPT
data: {"version":1,"seq":11300038,"type":"CALL_TRANSCRIPT","occurredAt":"2026-08-23T04:13:28.653335Z","callId":"01a02cd1-ed18-7a23-9625-dcb2de1a1869","callType":"INBOUND","payload":{"isFinal":false,"kind":"TEXT","partyId":"01a02cd2-5112-7e01-8ced-85d24434ea6a","source":"ASR","speaker":"CUSTOMER","text":"对，然后","utteranceId":"CUSTOMER:b6dba894-4"}}

id: 11300039
event: CALL_TRANSCRIPT
data: {"version":1,"seq":11300039,"type":"CALL_TRANSCRIPT","occurredAt":"2026-08-23T04:13:29.194733Z","callId":"01a02cd1-ed18-7a23-9625-dcb2de1a1869","callType":"INBOUND","payload":{"agentId":"807b2164-bd6b-47e9-9286-39a1ca831cea","isFinal":false,"kind":"TEXT","partyId":"01a02cd2-5112-7e01-8ced-85d24434ea6a","source":"ASR","speaker":"HUMAN_AGENT","text":"The quick brown fox jumps over the lazy dog. the qu brown fox","utteranceId":"HUMAN_AGENT:07fb154f-6"}}

id: 11300040
event: CALL_TRANSCRIPT
data: {"version":1,"seq":11300040,"type":"CALL_TRANSCRIPT","occurredAt":"2026-08-23T04:13:30.148804Z","callId":"01a02cd1-ed18-7a23-9625-dcb2de1a1869","callType":"INBOUND","payload":{"agentId":"807b2164-bd6b-47e9-9286-39a1ca831cea","isFinal":false,"kind":"TEXT","partyId":"01a02cd2-5112-7e01-8ced-85d24434ea6a","source":"ASR","speaker":"HUMAN_AGENT","text":"The quick brown fox jumps over the lazy dog. The quick brown fox jumps","utteranceId":"HUMAN_AGENT:07fb154f-6"}}

id: 11300041
event: CALL_TRANSCRIPT
data: {"version":1,"seq":11300041,"type":"CALL_TRANSCRIPT","occurredAt":"2026-08-23T04:13:30.72736Z","callId":"01a02cd1-ed18-7a23-9625-dcb2de1a1869","callType":"INBOUND","payload":{"agentId":"807b2164-bd6b-47e9-9286-39a1ca831cea","isFinal":false,"kind":"TEXT","partyId":"01a02cd2-5112-7e01-8ced-85d24434ea6a","source":"ASR","speaker":"HUMAN_AGENT","text":"The quick brown fox jumps over the lazy dog. The quick brown fox jumpshe","utteranceId":"HUMAN_AGENT:07fb154f-6"}}

id: 11300042
event: CALL_TRANSCRIPT
data: {"version":1,"seq":11300042,"type":"CALL_TRANSCRIPT","occurredAt":"2026-08-23T04:13:31.473148Z","callId":"01a02cd1-ed18-7a23-9625-dcb2de1a1869","callType":"INBOUND","payload":{"agentId":"807b2164-bd6b-47e9-9286-39a1ca831cea","isFinal":false,"kind":"TEXT","partyId":"01a02cd2-5112-7e01-8ced-85d24434ea6a","source":"ASR","speaker":"HUMAN_AGENT","text":"The quick brown fox jumps over the lazy dog. The quick brown fox jumpshey dog","utteranceId":"HUMAN_AGENT:07fb154f-6"}}

id: 11300043
event: CALL_TRANSCRIPT
data: {"version":1,"seq":11300043,"type":"CALL_TRANSCRIPT","occurredAt":"2026-08-23T04:13:31.83208Z","callId":"01a02cd1-ed18-7a23-9625-dcb2de1a1869","callType":"INBOUND","payload":{"isFinal":true,"kind":"TEXT","offsetMs":61425,"partyId":"01a02cd2-5112-7e01-8ced-85d24434ea6a","seq":9,"source":"ASR","speaker":"CUSTOMER","text":"对，然后。","utteranceId":"CUSTOMER:b6dba894-4"}}

id: 11300044
event: CALL_TRANSCRIPT
data: {"version":1,"seq":11300044,"type":"CALL_TRANSCRIPT","occurredAt":"2026-08-23T04:13:32.612854Z","callId":"01a02cd1-ed18-7a23-9625-dcb2de1a1869","callType":"INBOUND","payload":{"agentId":"807b2164-bd6b-47e9-9286-39a1ca831cea","isFinal":true,"kind":"TEXT","offsetMs":62206,"partyId":"01a02cd2-5112-7e01-8ced-85d24434ea6a","seq":10,"source":"ASR","speaker":"HUMAN_AGENT","text":"The quick brown fox jumps over the lazy dog. The quick brown fox jumps over the lazy dog. ","utteranceId":"HUMAN_AGENT:07fb154f-6"}}

: hb

id: 11300046
event: CALL_TRANSCRIPT
data: {"version":1,"seq":11300046,"type":"CALL_TRANSCRIPT","occurredAt":"2026-08-23T04:13:41.515817Z","callId":"01a02cd1-ed18-7a23-9625-dcb2de1a1869","callType":"INBOUND","payload":{"isFinal":false,"kind":"TEXT","partyId":"01a02cd2-5112-7e01-8ced-85d24434ea6a","source":"ASR","speaker":"CUSTOMER","text":"好","utteranceId":"CUSTOMER:b6dba894-6"}}

id: 11300047
event: CALL_TRANSCRIPT
data: {"version":1,"seq":11300047,"type":"CALL_TRANSCRIPT","occurredAt":"2026-08-23T04:13:42.38305Z","callId":"01a02cd1-ed18-7a23-9625-dcb2de1a1869","callType":"INBOUND","payload":{"isFinal":false,"kind":"TEXT","partyId":"01a02cd2-5112-7e01-8ced-85d24434ea6a","source":"ASR","speaker":"CUSTOMER","text":"Hello, hello","utteranceId":"CUSTOMER:b6dba894-6"}}

id: 11300048
event: CALL_TRANSCRIPT
data: {"version":1,"seq":11300048,"type":"CALL_TRANSCRIPT","occurredAt":"2026-08-23T04:13:43.02782Z","callId":"01a02cd1-ed18-7a23-9625-dcb2de1a1869","callType":"INBOUND","payload":{"isFinal":false,"kind":"TEXT","partyId":"01a02cd2-5112-7e01-8ced-85d24434ea6a","source":"ASR","speaker":"CUSTOMER","text":"Hello, hello, can you hear","utteranceId":"CUSTOMER:b6dba894-6"}}

id: 11300049
event: CALL_TRANSCRIPT
data: {"version":1,"seq":11300049,"type":"CALL_TRANSCRIPT","occurredAt":"2026-08-23T04:13:43.137204Z","callId":"01a02cd1-ed18-7a23-9625-dcb2de1a1869","callType":"INBOUND","payload":{"agentId":"807b2164-bd6b-47e9-9286-39a1ca831cea","isFinal":false,"kind":"TEXT","partyId":"01a02cd2-5112-7e01-8ced-85d24434ea6a","source":"ASR","speaker":"HUMAN_AGENT","text":"好","utteranceId":"HUMAN_AGENT:07fb154f-9"}}

id: 11300050
event: CALL_TRANSCRIPT
data: {"version":1,"seq":11300050,"type":"CALL_TRANSCRIPT","occurredAt":"2026-08-23T04:13:44.181685Z","callId":"01a02cd1-ed18-7a23-9625-dcb2de1a1869","callType":"INBOUND","payload":{"agentId":"807b2164-bd6b-47e9-9286-39a1ca831cea","isFinal":true,"kind":"TEXT","offsetMs":73778,"partyId":"01a02cd2-5112-7e01-8ced-85d24434ea6a","seq":11,"source":"ASR","speaker":"HUMAN_AGENT","text":"好。","utteranceId":"HUMAN_AGENT:07fb154f-9"}}

id: 11300051
event: CALL_TRANSCRIPT
data: {"version":1,"seq":11300051,"type":"CALL_TRANSCRIPT","occurredAt":"2026-08-23T04:13:44.216001Z","callId":"01a02cd1-ed18-7a23-9625-dcb2de1a1869","callType":"INBOUND","payload":{"isFinal":false,"kind":"TEXT","partyId":"01a02cd2-5112-7e01-8ced-85d24434ea6a","source":"ASR","speaker":"CUSTOMER","text":"Hello, hello, can you hear me","utteranceId":"CUSTOMER:b6dba894-6"}}

id: 11300052
event: CALL_TRANSCRIPT
data: {"version":1,"seq":11300052,"type":"CALL_TRANSCRIPT","occurredAt":"2026-08-23T04:13:44.226898Z","callId":"01a02cd1-ed18-7a23-9625-dcb2de1a1869","callType":"INBOUND","payload":{"isFinal":true,"kind":"TEXT","offsetMs":73821,"partyId":"01a02cd2-5112-7e01-8ced-85d24434ea6a","seq":12,"source":"ASR","speaker":"CUSTOMER","text":"Hello, hello, can you hear me. ","utteranceId":"CUSTOMER:b6dba894-6"}}

id: 11300053
event: CALL_TRANSCRIPT
data: {"version":1,"seq":11300053,"type":"CALL_TRANSCRIPT","occurredAt":"2026-08-23T04:13:44.520361Z","callId":"01a02cd1-ed18-7a23-9625-dcb2de1a1869","callType":"INBOUND","payload":{"agentId":"807b2164-bd6b-47e9-9286-39a1ca831cea","isFinal":false,"kind":"TEXT","partyId":"01a02cd2-5112-7e01-8ced-85d24434ea6a","source":"ASR","speaker":"HUMAN_AGENT","text":"没","utteranceId":"HUMAN_AGENT:07fb154f-10"}}

id: 11300054
event: CALL_TRANSCRIPT
data: {"version":1,"seq":11300054,"type":"CALL_TRANSCRIPT","occurredAt":"2026-08-23T04:13:45.944968Z","callId":"01a02cd1-ed18-7a23-9625-dcb2de1a1869","callType":"INBOUND","payload":{"isFinal":false,"kind":"TEXT","partyId":"01a02cd2-5112-7e01-8ced-85d24434ea6a","source":"ASR","speaker":"CUSTOMER","text":"key","utteranceId":"CUSTOMER:b6dba894-7"}}

id: 11300055
event: CALL_TRANSCRIPT
data: {"version":1,"seq":11300055,"type":"CALL_TRANSCRIPT","occurredAt":"2026-08-23T04:13:46.801434Z","callId":"01a02cd1-ed18-7a23-9625-dcb2de1a1869","callType":"INBOUND","payload":{"isFinal":false,"kind":"TEXT","partyId":"01a02cd2-5112-7e01-8ced-85d24434ea6a","source":"ASR","speaker":"CUSTOMER","text":"Can you hear me","utteranceId":"CUSTOMER:b6dba894-7"}}

: hb

id: 11300057
event: CALL_TRANSCRIPTION_STATE
data: {"version":1,"seq":11300057,"type":"CALL_TRANSCRIPTION_STATE","occurredAt":"2026-08-23T04:13:47.812496Z","callId":"01a02cd1-ed18-7a23-9625-dcb2de1a1869","callType":"INBOUND","payload":{"state":"STOPPED"}}

id: 11300058
event: CALL_TRANSCRIPT
data: {"version":1,"seq":11300058,"type":"CALL_TRANSCRIPT","occurredAt":"2026-08-23T04:13:47.81909Z","callId":"01a02cd1-ed18-7a23-9625-dcb2de1a1869","callType":"INBOUND","payload":{"isFinal":true,"kind":"TEXT","offsetMs":77412,"partyId":"01a02cd2-5112-7e01-8ced-85d24434ea6a","seq":13,"source":"ASR","speaker":"CUSTOMER","text":"Can you hear me? ","utteranceId":"CUSTOMER:b6dba894-7"}}

id: 11300059
event: PARTY_RELEASED
data: {"version":1,"seq":11300059,"type":"PARTY_RELEASED","occurredAt":"2026-08-23T04:13:47.837832Z","callId":"01a02cd1-ed18-7a23-9625-dcb2de1a1869","callType":"INBOUND","partyId":"01a02cd2-5112-7e01-8ced-85d24434ea6a","agentId":"807b2164-bd6b-47e9-9286-39a1ca831cea","payload":{"cause":"NORMAL_CLEARING","isTransferredAway":true,"role":"TARGET","state":"RELEASED"}}

id: 11300060
event: CALL_CDR
data: {"version":1,"seq":11300060,"type":"CALL_CDR","occurredAt":"2026-08-23T04:13:47.837837Z","callId":"01a02cd1-ed18-7a23-9625-dcb2de1a1869","callType":"INBOUND","payload":{"answeredAt":"2026-08-23T04:12:30.36565Z","endedAt":"2026-08-23T04:13:47.81621Z"}}

id: 11300061
event: AGENT_AVAILABILITY
data: {"version":1,"seq":11300061,"type":"AGENT_AVAILABILITY","occurredAt":"2026-08-23T04:13:47.844683Z","agentId":"807b2164-bd6b-47e9-9286-39a1ca831cea","payload":{"availability":"READY","displayName":"Wei","extensionNumber":"1008","state":"READY"}}

id: 11300062
event: AGENT_NOT_READY
data: {"version":1,"seq":11300062,"type":"AGENT_NOT_READY","occurredAt":"2026-08-23T04:13:47.870827Z","agentId":"807b2164-bd6b-47e9-9286-39a1ca831cea","payload":{"availability":"WRAP_UP","displayName":"Wei","extensionNumber":"1008","reason":"AFTER_CALL_WORK","state":"NOT_READY","wrapUpCallId":"01a02cd1-ed18-7a23-9625-dcb2de1a1869"}}

: hb

: hb

: hb

id: 11300063
event: AGENT_READY
data: {"version":1,"seq":11300063,"type":"AGENT_READY","occurredAt":"2026-08-23T04:14:36.003328Z","agentId":"807b2164-bd6b-47e9-9286-39a1ca831cea","payload":{"availability":"READY","displayName":"Wei","extensionNumber":"1008","state":"READY"}}

