id: 18700034
event: DEVICE_REGISTERED
data: {"version":1,"seq":18700034,"type":"DEVICE_REGISTERED","occurredAt":"2026-08-25T13:04:07.130663Z","agentId":"7d8e39b9-98d6-4ac9-889a-72bf7aca4699","payload":{"availability":"WRAP_UP","displayName":"Ben Liu","extensionNumber":"1002","reason":"AFTER_CALL_WORK","state":"NOT_READY","wrapUpCallId":"01a03904-2f15-7d65-b4ea-2a1108fbd4ff"}}

: hb

: hb

: hb

id: 18700035
event: AGENT_READY
data: {"version":1,"seq":18700035,"type":"AGENT_READY","occurredAt":"2026-08-25T13:04:40.422523Z","agentId":"807b2164-bd6b-47e9-9286-39a1ca831cea","payload":{"availability":"READY","displayName":"Wei","extensionNumber":"1008","state":"READY"}}

id: 18700036
event: PARTY_DIALING
data: {"version":1,"seq":18700036,"type":"PARTY_DIALING","occurredAt":"2026-08-25T13:04:42.725991Z","callId":"01a03905-e4e5-7e34-9ed3-32b420f6baf7","callType":"INTERNAL","partyId":"01a03905-e4e5-7ebd-9678-a74eeb99cf84","agentId":"7d8e39b9-98d6-4ac9-889a-72bf7aca4699","payload":{"fromNumber":"1002","role":"ORIGINATOR","state":"DIALING","toNumber":"1008"}}

id: 18700037
event: AGENT_AVAILABILITY
data: {"version":1,"seq":18700037,"type":"AGENT_AVAILABILITY","occurredAt":"2026-08-25T13:04:42.733133Z","agentId":"7d8e39b9-98d6-4ac9-889a-72bf7aca4699","payload":{"availability":"ON_CALL","displayName":"Ben Liu","extensionNumber":"1002","reason":"AFTER_CALL_WORK","state":"NOT_READY","wrapUpCallId":"01a03904-2f15-7d65-b4ea-2a1108fbd4ff"}}

id: 18700038
event: PARTY_RINGING
data: {"version":1,"seq":18700038,"type":"PARTY_RINGING","occurredAt":"2026-08-25T13:04:42.734084Z","callId":"01a03905-e4e5-7e34-9ed3-32b420f6baf7","callType":"INTERNAL","partyId":"01a03905-e4ee-70fd-9e93-c4c1d5c7aab5","agentId":"807b2164-bd6b-47e9-9286-39a1ca831cea","payload":{"extensionNumber":"1008","fromNumber":"1002","toNumber":"1008"}}

id: 18700039
event: AGENT_AVAILABILITY
data: {"version":1,"seq":18700039,"type":"AGENT_AVAILABILITY","occurredAt":"2026-08-25T13:04:42.7376Z","agentId":"807b2164-bd6b-47e9-9286-39a1ca831cea","payload":{"availability":"ON_CALL","displayName":"Wei","extensionNumber":"1008","state":"READY"}}

: hb

id: 18700040
event: PARTY_ESTABLISHED
data: {"version":1,"seq":18700040,"type":"PARTY_ESTABLISHED","occurredAt":"2026-08-25T13:05:00.864253Z","callId":"01a03905-e4e5-7e34-9ed3-32b420f6baf7","callType":"INTERNAL","partyId":"01a03905-e4ee-70fd-9e93-c4c1d5c7aab5","agentId":"807b2164-bd6b-47e9-9286-39a1ca831cea","payload":{"role":"TARGET","state":"TALKING"}}

id: 18700041
event: PARTY_ESTABLISHED
data: {"version":1,"seq":18700041,"type":"PARTY_ESTABLISHED","occurredAt":"2026-08-25T13:05:00.864267Z","callId":"01a03905-e4e5-7e34-9ed3-32b420f6baf7","callType":"INTERNAL","partyId":"01a03905-e4e5-7ebd-9678-a74eeb99cf84","agentId":"7d8e39b9-98d6-4ac9-889a-72bf7aca4699","payload":{"role":"ORIGINATOR","state":"TALKING"}}

: hb

id: 18700042
event: PARTY_RELEASED
data: {"version":1,"seq":18700042,"type":"PARTY_RELEASED","occurredAt":"2026-08-25T13:05:20.148138Z","callId":"01a03905-e4e5-7e34-9ed3-32b420f6baf7","callType":"INTERNAL","partyId":"01a03905-e4e5-7ebd-9678-a74eeb99cf84","agentId":"7d8e39b9-98d6-4ac9-889a-72bf7aca4699","payload":{"cause":"NORMAL_CLEARING","isTransferredAway":false,"role":"ORIGINATOR","state":"RELEASED"}}

id: 18700043
event: AGENT_AVAILABILITY
data: {"version":1,"seq":18700043,"type":"AGENT_AVAILABILITY","occurredAt":"2026-08-25T13:05:20.151963Z","agentId":"7d8e39b9-98d6-4ac9-889a-72bf7aca4699","payload":{"availability":"WRAP_UP","displayName":"Ben Liu","extensionNumber":"1002","reason":"AFTER_CALL_WORK","state":"NOT_READY","wrapUpCallId":"01a03904-2f15-7d65-b4ea-2a1108fbd4ff"}}

id: 18700044
event: AGENT_NOT_READY
data: {"version":1,"seq":18700044,"type":"AGENT_NOT_READY","occurredAt":"2026-08-25T13:05:20.16393Z","agentId":"7d8e39b9-98d6-4ac9-889a-72bf7aca4699","payload":{"availability":"WRAP_UP","displayName":"Ben Liu","extensionNumber":"1002","reason":"AFTER_CALL_WORK","state":"NOT_READY","wrapUpCallId":"01a03905-e4e5-7e34-9ed3-32b420f6baf7"}}

id: 18700045
event: PARTY_RELEASED
data: {"version":1,"seq":18700045,"type":"PARTY_RELEASED","occurredAt":"2026-08-25T13:05:20.167967Z","callId":"01a03905-e4e5-7e34-9ed3-32b420f6baf7","callType":"INTERNAL","partyId":"01a03905-e4ee-70fd-9e93-c4c1d5c7aab5","agentId":"807b2164-bd6b-47e9-9286-39a1ca831cea","payload":{"cause":"NORMAL_CLEARING","isTransferredAway":false,"role":"TARGET","state":"RELEASED"}}

id: 18700046
event: CALL_CDR
data: {"version":1,"seq":18700046,"type":"CALL_CDR","occurredAt":"2026-08-25T13:05:20.167971Z","callId":"01a03905-e4e5-7e34-9ed3-32b420f6baf7","callType":"INTERNAL","payload":{"answeredAt":"2026-08-25T13:05:00.832802Z","endedAt":"2026-08-25T13:05:20.122791Z"}}

id: 18700047
event: AGENT_AVAILABILITY
data: {"version":1,"seq":18700047,"type":"AGENT_AVAILABILITY","occurredAt":"2026-08-25T13:05:20.171028Z","agentId":"807b2164-bd6b-47e9-9286-39a1ca831cea","payload":{"availability":"READY","displayName":"Wei","extensionNumber":"1008","state":"READY"}}

id: 18700048
event: AGENT_NOT_READY
data: {"version":1,"seq":18700048,"type":"AGENT_NOT_READY","occurredAt":"2026-08-25T13:05:20.183484Z","agentId":"807b2164-bd6b-47e9-9286-39a1ca831cea","payload":{"availability":"WRAP_UP","displayName":"Wei","extensionNumber":"1008","reason":"AFTER_CALL_WORK","state":"NOT_READY","wrapUpCallId":"01a03905-e4e5-7e34-9ed3-32b420f6baf7"}}

: hb

