id: 18600006
event: DEVICE_REGISTERED
data: {"version":1,"seq":18600006,"type":"DEVICE_REGISTERED","occurredAt":"2026-08-25T12:23:58.641649Z","agentId":"807b2164-bd6b-47e9-9286-39a1ca831cea","payload":{"availability":"READY","displayName":"Wei","extensionNumber":"1008","state":"READY"}}

: hb

: hb

: hb

: hb

: hb

: hb

: hb

: hb

: hb

: hb

: hb

: hb

id: 18600008
event: PARTY_DIALING
data: {"version":1,"seq":18600008,"type":"PARTY_DIALING","occurredAt":"2026-08-25T12:26:59.010359Z","callId":"01a038e3-5a29-792b-b75c-46f672ffc964","callType":"INTERNAL","partyId":"01a038e3-5a42-7534-9383-492094d90f59","agentId":"807b2164-bd6b-47e9-9286-39a1ca831cea","payload":{"fromNumber":"1008"}}

id: 18600009
event: AGENT_AVAILABILITY
data: {"version":1,"seq":18600009,"type":"AGENT_AVAILABILITY","occurredAt":"2026-08-25T12:26:59.012895Z","agentId":"807b2164-bd6b-47e9-9286-39a1ca831cea","payload":{"availability":"ON_CALL","displayName":"Wei","extensionNumber":"1008","state":"READY"}}

: hb

id: 18600013
event: PARTY_ESTABLISHED
data: {"version":1,"seq":18600013,"type":"PARTY_ESTABLISHED","occurredAt":"2026-08-25T12:27:17.779954Z","callId":"01a038e3-5a29-792b-b75c-46f672ffc964","callType":"INTERNAL","partyId":"01a038e3-5a42-7534-9383-492094d90f59","agentId":"807b2164-bd6b-47e9-9286-39a1ca831cea","payload":{"role":"ORIGINATOR","state":"TALKING"}}

: hb

id: 18600014
event: CALL_USER_DATA
data: {"version":1,"seq":18600014,"type":"CALL_USER_DATA","occurredAt":"2026-08-25T12:27:31.838766Z","callId":"01a038e3-5a29-792b-b75c-46f672ffc964","callType":"INTERNAL","payload":{"changedKeys":["orderId","ticketId"],"deletedKeys":null},"userData":{"orderId":"A-4471","ticketId":"T-9"}}

id: 18600015
event: CALL_USER_DATA
data: {"version":1,"seq":18600015,"type":"CALL_USER_DATA","occurredAt":"2026-08-25T12:27:31.867323Z","callId":"01a038e3-5a29-792b-b75c-46f672ffc964","callType":"INTERNAL","payload":{"changedKeys":null,"deletedKeys":["ticketId"]},"userData":{"orderId":"A-4471"}}

: hb

id: 18600019
event: PARTY_RELEASED
data: {"version":1,"seq":18600019,"type":"PARTY_RELEASED","occurredAt":"2026-08-25T12:27:47.603981Z","callId":"01a038e3-5a29-792b-b75c-46f672ffc964","callType":"INTERNAL","partyId":"01a038e3-5a42-7534-9383-492094d90f59","agentId":"807b2164-bd6b-47e9-9286-39a1ca831cea","payload":{"cause":"NORMAL_CLEARING","isTransferredAway":true,"role":"ORIGINATOR","state":"RELEASED"},"userData":{"orderId":"A-4471"}}

id: 18600020
event: CALL_CDR
data: {"version":1,"seq":18600020,"type":"CALL_CDR","occurredAt":"2026-08-25T12:27:47.603985Z","callId":"01a038e3-5a29-792b-b75c-46f672ffc964","callType":"INTERNAL","payload":{"answeredAt":"2026-08-25T12:27:00.14064Z","endedAt":"2026-08-25T12:27:47.581586Z"},"userData":{"orderId":"A-4471"}}

id: 18600021
event: AGENT_AVAILABILITY
data: {"version":1,"seq":18600021,"type":"AGENT_AVAILABILITY","occurredAt":"2026-08-25T12:27:47.607706Z","agentId":"807b2164-bd6b-47e9-9286-39a1ca831cea","payload":{"availability":"READY","displayName":"Wei","extensionNumber":"1008","state":"READY"}}

id: 18600022
event: AGENT_NOT_READY
data: {"version":1,"seq":18600022,"type":"AGENT_NOT_READY","occurredAt":"2026-08-25T12:27:47.62489Z","agentId":"807b2164-bd6b-47e9-9286-39a1ca831cea","payload":{"availability":"WRAP_UP","displayName":"Wei","extensionNumber":"1008","reason":"AFTER_CALL_WORK","state":"NOT_READY","wrapUpCallId":"01a038e3-5a29-792b-b75c-46f672ffc964"}}

: hb

: hb

: hb

: hb

: hb

: hb

: hb

: hb

: hb

: hb

: hb

: hb

